
> drink-tracking@1.0.0 test
> jest

PASS unit __tests__/statisticsIntegration.test.ts
PASS unit __tests__/sourceCodeVerification.test.ts
PASS unit __tests__/sessionService.test.ts
PASS unit __tests__/bacCalculator.test.ts
  ● Console

    console.log
      Peak BAC for one beer: 0.29

      at Object.<anonymous> (__tests__/bacCalculator.test.ts:272:15)

    console.log
      Peak BAC for one beer (female): 0.55

      at Object.<anonymous> (__tests__/bacCalculator.test.ts:309:15)

PASS unit __tests__/modalTriggerLogic.test.ts
PASS unit __tests__/limitLogicConsistency.test.ts
FAIL ui __tests__/goalReachedModal.test.tsx
  ● Test suite failed to run

    TypeError: Cannot read properties of undefined (reading 'EventEmitter')

      12 | } from 'react-native-purchases';
      13 | import { Platform } from 'react-native';
    > 14 | import Constants from 'expo-constants';
         | ^
      15 |
      16 | // Configuration
      17 | // Automatically selects the right API key based on environment

      at Object.EventEmitter (node_modules/expo-modules-core/src/EventEmitter.ts:22:77)
      at Object.require (node_modules/expo-modules-core/src/index.ts:6:1)
      at Object.require (node_modules/expo-constants/src/Constants.ts:10:1)
      at Object.require (src/services/revenueCatService.ts:14:1)
      at Object.require (src/ui/hooks/useSubscriptionStore.ts:8:1)
      at Object.require (src/ui/components/ProFeatureGate.tsx:16:1)
      at Object.require (src/ui/components/index.ts:7:1)
      at Object.require (/Users/rene/IdeaProjects/drink-tracking/app/(modals)../../../../goal-reached.tsx:9:1)
      at Object.require (__tests__/goalReachedModal.test.tsx:3:1)

PASS unit __tests__/sessionDeletionFix.test.ts (35.973 s)

Test Suites: 1 failed, 7 passed, 8 total
Tests:       92 passed, 92 total
Snapshots:   0 total
Time:        36.839 s
Ran all test suites in 2 projects.
